// Jest Snapshot v1, https://goo.gl/fbAQLP

exports[`Print render print icon 1`] = `
<DocumentFragment>
  <iframe
    data-testid="printFrame"
    style="display: none;"
  />
  <i
    class="fa fa-print"
    data-testid="printIcon"
  />
</DocumentFragment>
`;
